
> antigravity-tracker@0.1.0 build
> next build

Γû▓ Next.js 16.1.6 (Turbopack)
- Environments: .env

node.exe : ΓÜá The 
"middleware" file 
convention is 
deprecated. Please use 
"proxy" instead. Learn 
more: https://nextjs.or
g/docs/messages/middlew
are-to-proxy
At C:\Program Files\nod
ejs\npm.ps1:29 char:3
+   & $NODE_EXE 
$NPM_CLI_JS $args
+   ~~~~~~~~~~~~~~~~~~~
~~~~~~~~~~
    + CategoryInfo     
         : NotSpecifi  
  ed: (ΓÜá The "midd   
 le...leware-to-pro    
xy:String) [], Rem    
oteException
    + FullyQualifiedEr 
   rorId : NativeComm  
  andError
 
  Creating an optimized production build ...

> Build error occurred
Error: Turbopack build 
failed with 2 errors:
./lib/actions.js:3:1
Export db doesn't 
exist in target module
[0m [90m 1 |[39m 
[32m'use 
server'[39m[33m;[39m
 [90m 2 |[39m
[31m[1m>[22m[39m[9
0m 3 |[39m 
[36mimport[39m { db 
} [36mfrom[39m [32m'
@/lib/db'[39m[33m;[3
9m
 [90m   |[39m [31m[
1m^[22m[39m[31m[1m^
[22m[39m[31m[1m^[2
2m[39m[31m[1m^[22m
[39m[31m[1m^[22m[39
m[31m[1m^[22m[39m[
31m[1m^[22m[39m[31m
[1m^[22m[39m[31m[1
m^[22m[39m[31m[1m^
[22m[39m[31m[1m^[22
m[39m[31m[1m^[22m[
39m[31m[1m^[22m[39m
[31m[1m^[22m[39m[3
1m[1m^[22m[39m[31m
[1m^[22m[39m[31m[1m
^[22m[39m[31m[1m^[
22m[39m[31m[1m^[22m
[39m[31m[1m^[22m[3
9m[31m[1m^[22m[39m
[31m[1m^[22m[39m[31
m[1m^[22m[39m[31m[
1m^[22m[39m[31m[1m^
[22m[39m[31m[1m^[2
2m[39m[31m[1m^[22m
[39m[31m[1m^[22m[39
m[31m[1m^[22m[39m[
31m[1m^[22m[39m
 [90m 4 |[39m 
[36mimport[39m { 
getCurrentUser } 
[36mfrom[39m [32m'@/
lib/auth'[39m[33m;[3
9m
 [90m 5 |[39m 
[36mimport[39m { 
revalidatePath } 
[36mfrom[39m [32m'ne
xt/cache'[39m[33m;[3
9m
 [90m 6 |[39m 
[36mimport[39m { 
promises [36mas[39m 
fs } [36mfrom[39m [3
2m'fs'[39m[33m;[39m
[0m

The export db was not 
found in module 
[project]/lib/db.js 
[app-rsc] (ecmascript).
Did you mean to import 
default?
All exports of the 
module are statically 
known (It doesn't have 
dynamic exports). So 
it's known statically 
that the requested 
export doesn't exist.

Import trace:
  Server Component:
    ./lib/actions.js
    ./app/learn/page.js


./lib/actions.js:4:1
Export getCurrentUser 
doesn't exist in 
target module
[0m [90m 2 |[39m
 [90m 3 |[39m 
[36mimport[39m { db 
} [36mfrom[39m [32m'
@/lib/db'[39m[33m;[3
9m
[31m[1m>[22m[39m[9
0m 4 |[39m 
[36mimport[39m { 
getCurrentUser } 
[36mfrom[39m [32m'@/
lib/auth'[39m[33m;[3
9m
 [90m   |[39m [31m[
1m^[22m[39m[31m[1m^
[22m[39m[31m[1m^[2
2m[39m[31m[1m^[22m
[39m[31m[1m^[22m[39
m[31m[1m^[22m[39m[
31m[1m^[22m[39m[31m
[1m^[22m[39m[31m[1
m^[22m[39m[31m[1m^
[22m[39m[31m[1m^[22
m[39m[31m[1m^[22m[
39m[31m[1m^[22m[39m
[31m[1m^[22m[39m[3
1m[1m^[22m[39m[31m
[1m^[22m[39m[31m[1m
^[22m[39m[31m[1m^[
22m[39m[31m[1m^[22m
[39m[31m[1m^[22m[3
9m[31m[1m^[22m[39m
[31m[1m^[22m[39m[31
m[1m^[22m[39m[31m[
1m^[22m[39m[31m[1m^
[22m[39m[31m[1m^[2
2m[39m[31m[1m^[22m
[39m[31m[1m^[22m[39
m[31m[1m^[22m[39m[
31m[1m^[22m[39m[31m
[1m^[22m[39m[31m[1
m^[22m[39m[31m[1m^
[22m[39m[31m[1m^[22
m[39m[31m[1m^[22m[
39m[31m[1m^[22m[39m
[31m[1m^[22m[39m[3
1m[1m^[22m[39m[31m
[1m^[22m[39m[31m[1m
^[22m[39m[31m[1m^[
22m[39m[31m[1m^[22m
[39m[31m[1m^[22m[3
9m[31m[1m^[22m[39m
 [90m 5 |[39m 
[36mimport[39m { 
revalidatePath } 
[36mfrom[39m [32m'ne
xt/cache'[39m[33m;[3
9m
 [90m 6 |[39m 
[36mimport[39m { 
promises [36mas[39m 
fs } [36mfrom[39m [3
2m'fs'[39m[33m;[39m
 [90m 7 |[39m 
[36mimport[39m path 
[36mfrom[39m [32m'pa
th'[39m[33m;[39m[0m

The export 
getCurrentUser was not 
found in module 
[project]/lib/auth.js 
[app-rsc] (ecmascript).
Did you mean to import 
signOut?
All exports of the 
module are statically 
known (It doesn't have 
dynamic exports). So 
it's known statically 
that the requested 
export doesn't exist.

Import trace:
  Server Component:
    ./lib/actions.js
    ./app/learn/page.js


    at <unknown> 
(./lib/actions.js:3:1)
    at <unknown> 
(./lib/actions.js:4:1)
